MPLINK 5.08, LINKER
Linker Map File - Created Tue Oct 09 16:41:43 2018

                                 Section Info
                  Section       Type    Address   Location Size(Bytes)
                ---------  ---------  ---------  ---------  ---------
                   .org_0       code   0x000000    program   0x000000
                   .org_1       code   0x000000    program   0x000002
                   .org_2       code   0x000005    program   0x00006c
.config_2007_CALCULATOR.O       code   0x002007    program   0x000002
.config_2008_CALCULATOR.O       code   0x002008    program   0x000002



                              Program Memory Usage 
                               Start         End      
                           ---------   ---------      
                            0x000000    0x000000      
                            0x000005    0x00003a      
                            0x002007    0x002008      
            57 out of 8455 program addresses used, program memory utilization is 0%



                              Symbols - Sorted by Name
                     Name    Address   Location    Storage File                     
                ---------  ---------  ---------  --------- ---------                
                CargarOpA   0x00001f    program     static F:\Willy\Dani-Assembler\asembler\Calculator\Calculator.asm
                  DecoHEX   0x00002a    program     static F:\Willy\Dani-Assembler\asembler\Calculator\Calculator.asm
                   Inicio   0x000005    program     static F:\Willy\Dani-Assembler\asembler\Calculator\Calculator.asm
                Principal   0x00001c    program     static F:\Willy\Dani-Assembler\asembler\Calculator\Calculator.asm



                              Symbols - Sorted by Address
                     Name    Address   Location    Storage File                     
                ---------  ---------  ---------  --------- ---------                
                   Inicio   0x000005    program     static F:\Willy\Dani-Assembler\asembler\Calculator\Calculator.asm
                Principal   0x00001c    program     static F:\Willy\Dani-Assembler\asembler\Calculator\Calculator.asm
                CargarOpA   0x00001f    program     static F:\Willy\Dani-Assembler\asembler\Calculator\Calculator.asm
                  DecoHEX   0x00002a    program     static F:\Willy\Dani-Assembler\asembler\Calculator\Calculator.asm


